Release 14.7 - xst P.20131013 (nt64)
Copyright (c) 1995-2013 Xilinx, Inc.  All rights reserved.
--> Parameter TMPDIR set to xst/projnav.tmp


Total REAL time to Xst completion: 1.00 secs
Total CPU time to Xst completion: 0.40 secs
 
--> Parameter xsthdpdir set to xst


Total REAL time to Xst completion: 1.00 secs
Total CPU time to Xst completion: 0.40 secs
 
--> Reading design: Reciprocal_Pipelined_NR.prj

TABLE OF CONTENTS
  1) Synthesis Options Summary
  2) HDL Parsing
  3) HDL Elaboration
  4) HDL Synthesis
       4.1) HDL Synthesis Report
  5) Advanced HDL Synthesis
       5.1) Advanced HDL Synthesis Report
  6) Low Level Synthesis
  7) Partition Report
  8) Design Summary
       8.1) Primitive and Black Box Usage
       8.2) Device utilization summary
       8.3) Partition Resource Summary
       8.4) Timing Report
            8.4.1) Clock Information
            8.4.2) Asynchronous Control Signals Information
            8.4.3) Timing Summary
            8.4.4) Timing Details
            8.4.5) Cross Clock Domains Report


=========================================================================
*                      Synthesis Options Summary                        *
=========================================================================
---- Source Parameters
Input File Name                    : "Reciprocal_Pipelined_NR.prj"
Ignore Synthesis Constraint File   : NO

---- Target Parameters
Output File Name                   : "Reciprocal_Pipelined_NR"
Output Format                      : NGC
Target Device                      : xc7v2000t-2-flg1925

---- Source Options
Top Module Name                    : Reciprocal_Pipelined_NR
Automatic FSM Extraction           : YES
FSM Encoding Algorithm             : Auto
Safe Implementation                : No
FSM Style                          : LUT
RAM Extraction                     : Yes
RAM Style                          : Distributed
ROM Extraction                     : Yes
Shift Register Extraction          : YES
ROM Style                          : Distributed
Resource Sharing                   : YES
Asynchronous To Synchronous        : NO
Shift Register Minimum Size        : 2
Use DSP Block                      : Auto
Automatic Register Balancing       : No

---- Target Options
LUT Combining                      : Auto
Reduce Control Sets                : Auto
Add IO Buffers                     : YES
Global Maximum Fanout              : 100000
Add Generic Clock Buffer(BUFG)     : 32
Register Duplication               : YES
Optimize Instantiated Primitives   : NO
Use Clock Enable                   : Auto
Use Synchronous Set                : Auto
Use Synchronous Reset              : Auto
Pack IO Registers into IOBs        : Auto
Equivalent register Removal        : YES

---- General Options
Optimization Goal                  : Speed
Optimization Effort                : 1
Power Reduction                    : NO
Keep Hierarchy                     : No
Netlist Hierarchy                  : As_Optimized
RTL Output                         : Yes
Global Optimization                : AllClockNets
Read Cores                         : YES
Write Timing Constraints           : NO
Cross Clock Analysis               : NO
Hierarchy Separator                : /
Bus Delimiter                      : <>
Case Specifier                     : Maintain
Slice Utilization Ratio            : 100
BRAM Utilization Ratio             : 100
DSP48 Utilization Ratio            : 100
Auto BRAM Packing                  : NO
Slice Utilization Ratio Delta      : 5

=========================================================================


=========================================================================
*                          HDL Parsing                                  *
=========================================================================
Analyzing Verilog file "C:\Users\Fang\Google Drive\2015\Thesis backup\Thesis_Final\Project_paper\SourceCode\Multication\fixed_point\mult_unsigned_pipe.v" into library work
Parsing module <mult_unsigned_pipe>.
Parsing module <mult_unsigned_pipe_3stages>.
Analyzing Verilog file "C:\Users\Fang\Google Drive\2015\Thesis backup\Thesis_Final\Project_paper\SourceCode\Multication\fixed_point\mult_unsigned.v" into library work
Parsing module <mult_unsigned>.
Analyzing Verilog file "C:\Users\Fang\Google Drive\2015\Thesis backup\Thesis_Final\Project_paper\SourceCode\General Functions\uLib_rounding.v" into library work
Parsing module <ux_round2nearest>.
Parsing module <ux_round2nearest_pipe>.
Analyzing Verilog file "C:\Users\Fang\Google Drive\2015\Thesis backup\Thesis_Final\Project_paper\SourceCode\Reciprocal\Reciprocal_Pipelined.v" into library work
Parsing module <Reciprocal_Pipelined_NR>.
Parsing module <Reciprocal_Pipelined_GS>.
Parsing module <Reciprocal_Pipelined_Hung>.
Parsing module <Reciprocal_Pipelined_ItoNR>.
Parsing module <Reciprocal_Pipelined_ItoNR_unfold>.

=========================================================================
*                            HDL Elaboration                            *
=========================================================================

Elaborating module <Reciprocal_Pipelined_NR>.

Elaborating module <mult_unsigned_pipe(WI1=1,WF1=23,WI2=1,WF2=14,WIO=1,WFO=25)>.

Elaborating module <mult_unsigned_pipe(WI1=1,WF1=25,WI2=1,WF2=14,WIO=1,WFO=40)>.

Elaborating module <ux_round2nearest(WordLength=41,RoundLength=17)>.

=========================================================================
*                           HDL Synthesis                               *
=========================================================================

Synthesizing Unit <Reciprocal_Pipelined_NR>.
    Related source file is "C:\Users\Fang\Google Drive\2015\Thesis backup\Thesis_Final\Project_paper\SourceCode\Reciprocal\Reciprocal_Pipelined.v".
        WL = 24
        LUT_bits = 15
        LUT_addWidth = 12
        dWL = 26
        WLO = 24
WARNING:Xst:653 - Signal <LUT> is used but never assigned. This sourceless signal will be automatically connected to value GND.
    Found 4096x15-bit single-port Read Only RAM <Mram_LUT> for signal <LUT>.
    Found 26-bit register for signal <mul_1_r>.
    Found 24-bit register for signal <din_delay>.
    Found 15-bit register for signal <iniValue_delay3>.
    Found 15-bit register for signal <iniValue_delay2>.
    Found 15-bit register for signal <iniValue_delay>.
    Found 15-bit register for signal <iniValue>.
    Summary:
	inferred   1 RAM(s).
	inferred 110 D-type flip-flop(s).
Unit <Reciprocal_Pipelined_NR> synthesized.

Synthesizing Unit <mult_unsigned_pipe_1>.
    Related source file is "C:\Users\Fang\Google Drive\2015\Thesis backup\Thesis_Final\Project_paper\SourceCode\Multication\fixed_point\mult_unsigned_pipe.v".
        WI1 = 1
        WF1 = 23
        WI2 = 1
        WF2 = 14
        WIO = 1
        WFO = 25
        PIP = 46
WARNING:Xst:647 - Input <RST> is never used. This port will be preserved and left unconnected if it belongs to a top-level block or it belongs to a sub-block and the hierarchy of this sub-block is preserved.
    Found 25-bit register for signal <outF>.
    Found 1-bit register for signal <outI>.
    Found 39-bit register for signal <tmp>.
    Found 24x15-bit multiplier for signal <in1[23]_in2[14]_MuLt_1_OUT> created at line 26.
    Summary:
	inferred   1 Multiplier(s).
	inferred  65 D-type flip-flop(s).
Unit <mult_unsigned_pipe_1> synthesized.

Synthesizing Unit <mult_unsigned_pipe_2>.
    Related source file is "C:\Users\Fang\Google Drive\2015\Thesis backup\Thesis_Final\Project_paper\SourceCode\Multication\fixed_point\mult_unsigned_pipe.v".
        WI1 = 1
        WF1 = 25
        WI2 = 1
        WF2 = 14
        WIO = 1
        WFO = 40
        PIP = 46
WARNING:Xst:647 - Input <RST> is never used. This port will be preserved and left unconnected if it belongs to a top-level block or it belongs to a sub-block and the hierarchy of this sub-block is preserved.
    Found 40-bit register for signal <outF>.
    Found 1-bit register for signal <outI>.
    Found 41-bit register for signal <tmp>.
    Found 26x15-bit multiplier for signal <in1[25]_in2[14]_MuLt_1_OUT> created at line 26.
    Summary:
	inferred   1 Multiplier(s).
	inferred  82 D-type flip-flop(s).
Unit <mult_unsigned_pipe_2> synthesized.

Synthesizing Unit <ux_round2nearest>.
    Related source file is "C:\Users\Fang\Google Drive\2015\Thesis backup\Thesis_Final\Project_paper\SourceCode\General Functions\uLib_rounding.v".
        WordLength = 41
        RoundLength = 17
WARNING:Xst:647 - Input <CLK> is never used. This port will be preserved and left unconnected if it belongs to a top-level block or it belongs to a sub-block and the hierarchy of this sub-block is preserved.
    Found 24-bit adder for signal <x[40]_GND_6_o_add_2_OUT> created at line 177.
WARNING:Xst:737 - Found 1-bit latch for signal <y<39>>. Latches may be generated from incomplete case or if statements. We do not recommend the use of latches in FPGA/CPLD designs, as they may lead to timing problems.
WARNING:Xst:737 - Found 1-bit latch for signal <y<38>>. Latches may be generated from incomplete case or if statements. We do not recommend the use of latches in FPGA/CPLD designs, as they may lead to timing problems.
WARNING:Xst:737 - Found 1-bit latch for signal <y<37>>. Latches may be generated from incomplete case or if statements. We do not recommend the use of latches in FPGA/CPLD designs, as they may lead to timing problems.
WARNING:Xst:737 - Found 1-bit latch for signal <y<36>>. Latches may be generated from incomplete case or if statements. We do not recommend the use of latches in FPGA/CPLD designs, as they may lead to timing problems.
WARNING:Xst:737 - Found 1-bit latch for signal <y<35>>. Latches may be generated from incomplete case or if statements. We do not recommend the use of latches in FPGA/CPLD designs, as they may lead to timing problems.
WARNING:Xst:737 - Found 1-bit latch for signal <y<34>>. Latches may be generated from incomplete case or if statements. We do not recommend the use of latches in FPGA/CPLD designs, as they may lead to timing problems.
WARNING:Xst:737 - Found 1-bit latch for signal <y<33>>. Latches may be generated from incomplete case or if statements. We do not recommend the use of latches in FPGA/CPLD designs, as they may lead to timing problems.
WARNING:Xst:737 - Found 1-bit latch for signal <y<32>>. Latches may be generated from incomplete case or if statements. We do not recommend the use of latches in FPGA/CPLD designs, as they may lead to timing problems.
WARNING:Xst:737 - Found 1-bit latch for signal <y<31>>. Latches may be generated from incomplete case or if statements. We do not recommend the use of latches in FPGA/CPLD designs, as they may lead to timing problems.
WARNING:Xst:737 - Found 1-bit latch for signal <y<30>>. Latches may be generated from incomplete case or if statements. We do not recommend the use of latches in FPGA/CPLD designs, as they may lead to timing problems.
WARNING:Xst:737 - Found 1-bit latch for signal <y<29>>. Latches may be generated from incomplete case or if statements. We do not recommend the use of latches in FPGA/CPLD designs, as they may lead to timing problems.
WARNING:Xst:737 - Found 1-bit latch for signal <y<28>>. Latches may be generated from incomplete case or if statements. We do not recommend the use of latches in FPGA/CPLD designs, as they may lead to timing problems.
WARNING:Xst:737 - Found 1-bit latch for signal <y<27>>. Latches may be generated from incomplete case or if statements. We do not recommend the use of latches in FPGA/CPLD designs, as they may lead to timing problems.
WARNING:Xst:737 - Found 1-bit latch for signal <y<26>>. Latches may be generated from incomplete case or if statements. We do not recommend the use of latches in FPGA/CPLD designs, as they may lead to timing problems.
WARNING:Xst:737 - Found 1-bit latch for signal <y<25>>. Latches may be generated from incomplete case or if statements. We do not recommend the use of latches in FPGA/CPLD designs, as they may lead to timing problems.
WARNING:Xst:737 - Found 1-bit latch for signal <y<24>>. Latches may be generated from incomplete case or if statements. We do not recommend the use of latches in FPGA/CPLD designs, as they may lead to timing problems.
WARNING:Xst:737 - Found 1-bit latch for signal <y<23>>. Latches may be generated from incomplete case or if statements. We do not recommend the use of latches in FPGA/CPLD designs, as they may lead to timing problems.
WARNING:Xst:737 - Found 1-bit latch for signal <y<22>>. Latches may be generated from incomplete case or if statements. We do not recommend the use of latches in FPGA/CPLD designs, as they may lead to timing problems.
WARNING:Xst:737 - Found 1-bit latch for signal <y<21>>. Latches may be generated from incomplete case or if statements. We do not recommend the use of latches in FPGA/CPLD designs, as they may lead to timing problems.
WARNING:Xst:737 - Found 1-bit latch for signal <y<20>>. Latches may be generated from incomplete case or if statements. We do not recommend the use of latches in FPGA/CPLD designs, as they may lead to timing problems.
WARNING:Xst:737 - Found 1-bit latch for signal <y<19>>. Latches may be generated from incomplete case or if statements. We do not recommend the use of latches in FPGA/CPLD designs, as they may lead to timing problems.
WARNING:Xst:737 - Found 1-bit latch for signal <y<18>>. Latches may be generated from incomplete case or if statements. We do not recommend the use of latches in FPGA/CPLD designs, as they may lead to timing problems.
WARNING:Xst:737 - Found 1-bit latch for signal <y<17>>. Latches may be generated from incomplete case or if statements. We do not recommend the use of latches in FPGA/CPLD designs, as they may lead to timing problems.
WARNING:Xst:737 - Found 1-bit latch for signal <y<40>>. Latches may be generated from incomplete case or if statements. We do not recommend the use of latches in FPGA/CPLD designs, as they may lead to timing problems.
    Summary:
	inferred   1 Adder/Subtractor(s).
	inferred  24 Latch(s).
	inferred  25 Multiplexer(s).
Unit <ux_round2nearest> synthesized.

=========================================================================
HDL Synthesis Report

Macro Statistics
# RAMs                                                 : 1
 4096x15-bit single-port Read Only RAM                 : 1
# Multipliers                                          : 2
 24x15-bit multiplier                                  : 1
 26x15-bit multiplier                                  : 1
# Adders/Subtractors                                   : 1
 24-bit adder                                          : 1
# Registers                                            : 10
 15-bit register                                       : 4
 24-bit register                                       : 1
 26-bit register                                       : 2
 39-bit register                                       : 1
 41-bit register                                       : 2
# Latches                                              : 24
 1-bit latch                                           : 24
# Multiplexers                                         : 25
 1-bit 2-to-1 multiplexer                              : 24
 24-bit 2-to-1 multiplexer                             : 1

=========================================================================

=========================================================================
*                       Advanced HDL Synthesis                          *
=========================================================================

WARNING:Xst:1710 - FF/Latch <outF_0> (without init value) has a constant value of 0 in block <multiplier_2>. This FF/Latch will be trimmed during the optimization process.
WARNING:Xst:2677 - Node <tmp_0> of sequential type is unconnected in block <multiplier_1>.
WARNING:Xst:2677 - Node <tmp_1> of sequential type is unconnected in block <multiplier_1>.
WARNING:Xst:2677 - Node <tmp_2> of sequential type is unconnected in block <multiplier_1>.
WARNING:Xst:2677 - Node <tmp_3> of sequential type is unconnected in block <multiplier_1>.
WARNING:Xst:2677 - Node <tmp_4> of sequential type is unconnected in block <multiplier_1>.
WARNING:Xst:2677 - Node <tmp_5> of sequential type is unconnected in block <multiplier_1>.
WARNING:Xst:2677 - Node <tmp_6> of sequential type is unconnected in block <multiplier_1>.
WARNING:Xst:2677 - Node <tmp_7> of sequential type is unconnected in block <multiplier_1>.
WARNING:Xst:2677 - Node <tmp_8> of sequential type is unconnected in block <multiplier_1>.
WARNING:Xst:2677 - Node <tmp_9> of sequential type is unconnected in block <multiplier_1>.
WARNING:Xst:2677 - Node <tmp_10> of sequential type is unconnected in block <multiplier_1>.
WARNING:Xst:2677 - Node <tmp_11> of sequential type is unconnected in block <multiplier_1>.
WARNING:Xst:2677 - Node <tmp_38> of sequential type is unconnected in block <multiplier_1>.
WARNING:Xst:2677 - Node <tmp_40> of sequential type is unconnected in block <multiplier_2>.

Synthesizing (advanced) Unit <Reciprocal_Pipelined_NR>.
INFO:Xst:3216 - HDL ADVISOR - LUT implementation is currently selected for the RAM <Mram_LUT>. If you want the register to be removed and the RAM to be implemented as block RAM, please change the RAM implementation style accordingly.
    -----------------------------------------------------------------------
    | ram_type           | Distributed                         |          |
    -----------------------------------------------------------------------
    | Port A                                                              |
    |     aspect ratio   | 4096-word x 15-bit                  |          |
    |     weA            | connected to signal <GND>           | high     |
    |     addrA          | connected to signal <din<22:11>>    |          |
    |     diA            | connected to signal <GND>           |          |
    |     doA            | connected to internal node          |          |
    -----------------------------------------------------------------------
Unit <Reciprocal_Pipelined_NR> synthesized (advanced).

Synthesizing (advanced) Unit <mult_unsigned_pipe_1>.
	Found pipelined multiplier on signal <in1[23]_in2[14]_MuLt_1_OUT>:
		- 1 pipeline level(s) found in a register connected to the multiplier macro output.
		Pushing register(s) into the multiplier macro.
INFO:Xst:2385 - HDL ADVISOR - You can improve the performance of the multiplier Mmult_in1[23]_in2[14]_MuLt_1_OUT by adding 1 register level(s).
Unit <mult_unsigned_pipe_1> synthesized (advanced).

Synthesizing (advanced) Unit <mult_unsigned_pipe_2>.
	Found pipelined multiplier on signal <in1[25]_in2[14]_MuLt_1_OUT>:
		- 2 pipeline level(s) found in a register connected to the multiplier macro output.
		Pushing register(s) into the multiplier macro.
Unit <mult_unsigned_pipe_2> synthesized (advanced).

=========================================================================
Advanced HDL Synthesis Report

Macro Statistics
# RAMs                                                 : 1
 4096x15-bit single-port distributed Read Only RAM     : 1
# Multipliers                                          : 2
 24x15-bit registered multiplier                       : 1
 26x15-bit registered multiplier                       : 1
# Adders/Subtractors                                   : 1
 24-bit adder                                          : 1
# Registers                                            : 137
 Flip-Flops                                            : 137
# Multiplexers                                         : 25
 1-bit 2-to-1 multiplexer                              : 24
 24-bit 2-to-1 multiplexer                             : 1

=========================================================================

=========================================================================
*                         Low Level Synthesis                           *
=========================================================================
WARNING:Xst:1710 - FF/Latch <outI,outF_sliced> (without init value) has a constant value of 0 in block <mult_unsigned_pipe_2>. This FF/Latch will be trimmed during the optimization process.
WARNING:Xst:1710 - FF/Latch <multiplier_2/Mmult_in1[25]_in2[14]_MuLt_1_OUT_submult_1_17> (without init value) has a constant value of 0 in block <Reciprocal_Pipelined_NR>. This FF/Latch will be trimmed during the optimization process.
WARNING:Xst:1895 - Due to other FF/Latch trimming, FF/Latch <iniValue_14> (without init value) has a constant value of 0 in block <Reciprocal_Pipelined_NR>. This FF/Latch will be trimmed during the optimization process.
WARNING:Xst:1895 - Due to other FF/Latch trimming, FF/Latch <iniValue_13> (without init value) has a constant value of 0 in block <Reciprocal_Pipelined_NR>. This FF/Latch will be trimmed during the optimization process.
WARNING:Xst:1895 - Due to other FF/Latch trimming, FF/Latch <iniValue_12> (without init value) has a constant value of 0 in block <Reciprocal_Pipelined_NR>. This FF/Latch will be trimmed during the optimization process.
WARNING:Xst:1895 - Due to other FF/Latch trimming, FF/Latch <iniValue_11> (without init value) has a constant value of 0 in block <Reciprocal_Pipelined_NR>. This FF/Latch will be trimmed during the optimization process.
WARNING:Xst:1895 - Due to other FF/Latch trimming, FF/Latch <iniValue_10> (without init value) has a constant value of 0 in block <Reciprocal_Pipelined_NR>. This FF/Latch will be trimmed during the optimization process.
WARNING:Xst:1895 - Due to other FF/Latch trimming, FF/Latch <iniValue_9> (without init value) has a constant value of 0 in block <Reciprocal_Pipelined_NR>. This FF/Latch will be trimmed during the optimization process.
WARNING:Xst:1895 - Due to other FF/Latch trimming, FF/Latch <iniValue_8> (without init value) has a constant value of 0 in block <Reciprocal_Pipelined_NR>. This FF/Latch will be trimmed during the optimization process.
WARNING:Xst:1895 - Due to other FF/Latch trimming, FF/Latch <iniValue_7> (without init value) has a constant value of 0 in block <Reciprocal_Pipelined_NR>. This FF/Latch will be trimmed during the optimization process.
WARNING:Xst:1895 - Due to other FF/Latch trimming, FF/Latch <iniValue_6> (without init value) has a constant value of 0 in block <Reciprocal_Pipelined_NR>. This FF/Latch will be trimmed during the optimization process.
WARNING:Xst:1895 - Due to other FF/Latch trimming, FF/Latch <iniValue_5> (without init value) has a constant value of 0 in block <Reciprocal_Pipelined_NR>. This FF/Latch will be trimmed during the optimization process.
WARNING:Xst:1895 - Due to other FF/Latch trimming, FF/Latch <iniValue_4> (without init value) has a constant value of 0 in block <Reciprocal_Pipelined_NR>. This FF/Latch will be trimmed during the optimization process.
WARNING:Xst:1895 - Due to other FF/Latch trimming, FF/Latch <iniValue_3> (without init value) has a constant value of 0 in block <Reciprocal_Pipelined_NR>. This FF/Latch will be trimmed during the optimization process.
WARNING:Xst:1895 - Due to other FF/Latch trimming, FF/Latch <iniValue_2> (without init value) has a constant value of 0 in block <Reciprocal_Pipelined_NR>. This FF/Latch will be trimmed during the optimization process.
WARNING:Xst:1895 - Due to other FF/Latch trimming, FF/Latch <iniValue_1> (without init value) has a constant value of 0 in block <Reciprocal_Pipelined_NR>. This FF/Latch will be trimmed during the optimization process.
WARNING:Xst:1895 - Due to other FF/Latch trimming, FF/Latch <iniValue_0> (without init value) has a constant value of 0 in block <Reciprocal_Pipelined_NR>. This FF/Latch will be trimmed during the optimization process.
WARNING:Xst:1895 - Due to other FF/Latch trimming, FF/Latch <iniValue_delay_14> (without init value) has a constant value of 0 in block <Reciprocal_Pipelined_NR>. This FF/Latch will be trimmed during the optimization process.
WARNING:Xst:1895 - Due to other FF/Latch trimming, FF/Latch <iniValue_delay_13> (without init value) has a constant value of 0 in block <Reciprocal_Pipelined_NR>. This FF/Latch will be trimmed during the optimization process.
WARNING:Xst:1895 - Due to other FF/Latch trimming, FF/Latch <iniValue_delay_12> (without init value) has a constant value of 0 in block <Reciprocal_Pipelined_NR>. This FF/Latch will be trimmed during the optimization process.
WARNING:Xst:1895 - Due to other FF/Latch trimming, FF/Latch <iniValue_delay_11> (without init value) has a constant value of 0 in block <Reciprocal_Pipelined_NR>. This FF/Latch will be trimmed during the optimization process.
WARNING:Xst:1895 - Due to other FF/Latch trimming, FF/Latch <iniValue_delay_10> (without init value) has a constant value of 0 in block <Reciprocal_Pipelined_NR>. This FF/Latch will be trimmed during the optimization process.
WARNING:Xst:1895 - Due to other FF/Latch trimming, FF/Latch <iniValue_delay_9> (without init value) has a constant value of 0 in block <Reciprocal_Pipelined_NR>. This FF/Latch will be trimmed during the optimization process.
WARNING:Xst:1895 - Due to other FF/Latch trimming, FF/Latch <iniValue_delay_8> (without init value) has a constant value of 0 in block <Reciprocal_Pipelined_NR>. This FF/Latch will be trimmed during the optimization process.
WARNING:Xst:1895 - Due to other FF/Latch trimming, FF/Latch <iniValue_delay_7> (without init value) has a constant value of 0 in block <Reciprocal_Pipelined_NR>. This FF/Latch will be trimmed during the optimization process.
WARNING:Xst:1895 - Due to other FF/Latch trimming, FF/Latch <iniValue_delay_6> (without init value) has a constant value of 0 in block <Reciprocal_Pipelined_NR>. This FF/Latch will be trimmed during the optimization process.
WARNING:Xst:1895 - Due to other FF/Latch trimming, FF/Latch <iniValue_delay_5> (without init value) has a constant value of 0 in block <Reciprocal_Pipelined_NR>. This FF/Latch will be trimmed during the optimization process.
WARNING:Xst:1895 - Due to other FF/Latch trimming, FF/Latch <iniValue_delay_4> (without init value) has a constant value of 0 in block <Reciprocal_Pipelined_NR>. This FF/Latch will be trimmed during the optimization process.
WARNING:Xst:1895 - Due to other FF/Latch trimming, FF/Latch <iniValue_delay_3> (without init value) has a constant value of 0 in block <Reciprocal_Pipelined_NR>. This FF/Latch will be trimmed during the optimization process.
WARNING:Xst:1895 - Due to other FF/Latch trimming, FF/Latch <iniValue_delay_2> (without init value) has a constant value of 0 in block <Reciprocal_Pipelined_NR>. This FF/Latch will be trimmed during the optimization process.
WARNING:Xst:1895 - Due to other FF/Latch trimming, FF/Latch <iniValue_delay_1> (without init value) has a constant value of 0 in block <Reciprocal_Pipelined_NR>. This FF/Latch will be trimmed during the optimization process.
WARNING:Xst:1895 - Due to other FF/Latch trimming, FF/Latch <iniValue_delay_0> (without init value) has a constant value of 0 in block <Reciprocal_Pipelined_NR>. This FF/Latch will be trimmed during the optimization process.
WARNING:Xst:1895 - Due to other FF/Latch trimming, FF/Latch <iniValue_delay2_14> (without init value) has a constant value of 0 in block <Reciprocal_Pipelined_NR>. This FF/Latch will be trimmed during the optimization process.
WARNING:Xst:1895 - Due to other FF/Latch trimming, FF/Latch <iniValue_delay2_13> (without init value) has a constant value of 0 in block <Reciprocal_Pipelined_NR>. This FF/Latch will be trimmed during the optimization process.
WARNING:Xst:1895 - Due to other FF/Latch trimming, FF/Latch <iniValue_delay2_12> (without init value) has a constant value of 0 in block <Reciprocal_Pipelined_NR>. This FF/Latch will be trimmed during the optimization process.
WARNING:Xst:1895 - Due to other FF/Latch trimming, FF/Latch <iniValue_delay2_11> (without init value) has a constant value of 0 in block <Reciprocal_Pipelined_NR>. This FF/Latch will be trimmed during the optimization process.
WARNING:Xst:1895 - Due to other FF/Latch trimming, FF/Latch <iniValue_delay2_10> (without init value) has a constant value of 0 in block <Reciprocal_Pipelined_NR>. This FF/Latch will be trimmed during the optimization process.
WARNING:Xst:1895 - Due to other FF/Latch trimming, FF/Latch <iniValue_delay2_9> (without init value) has a constant value of 0 in block <Reciprocal_Pipelined_NR>. This FF/Latch will be trimmed during the optimization process.
WARNING:Xst:1895 - Due to other FF/Latch trimming, FF/Latch <iniValue_delay2_8> (without init value) has a constant value of 0 in block <Reciprocal_Pipelined_NR>. This FF/Latch will be trimmed during the optimization process.
WARNING:Xst:1895 - Due to other FF/Latch trimming, FF/Latch <iniValue_delay2_7> (without init value) has a constant value of 0 in block <Reciprocal_Pipelined_NR>. This FF/Latch will be trimmed during the optimization process.
WARNING:Xst:1895 - Due to other FF/Latch trimming, FF/Latch <iniValue_delay2_6> (without init value) has a constant value of 0 in block <Reciprocal_Pipelined_NR>. This FF/Latch will be trimmed during the optimization process.
WARNING:Xst:1895 - Due to other FF/Latch trimming, FF/Latch <iniValue_delay2_5> (without init value) has a constant value of 0 in block <Reciprocal_Pipelined_NR>. This FF/Latch will be trimmed during the optimization process.
WARNING:Xst:1895 - Due to other FF/Latch trimming, FF/Latch <iniValue_delay2_4> (without init value) has a constant value of 0 in block <Reciprocal_Pipelined_NR>. This FF/Latch will be trimmed during the optimization process.
WARNING:Xst:1895 - Due to other FF/Latch trimming, FF/Latch <iniValue_delay2_3> (without init value) has a constant value of 0 in block <Reciprocal_Pipelined_NR>. This FF/Latch will be trimmed during the optimization process.
WARNING:Xst:1895 - Due to other FF/Latch trimming, FF/Latch <iniValue_delay2_2> (without init value) has a constant value of 0 in block <Reciprocal_Pipelined_NR>. This FF/Latch will be trimmed during the optimization process.
WARNING:Xst:1895 - Due to other FF/Latch trimming, FF/Latch <iniValue_delay2_1> (without init value) has a constant value of 0 in block <Reciprocal_Pipelined_NR>. This FF/Latch will be trimmed during the optimization process.
WARNING:Xst:1895 - Due to other FF/Latch trimming, FF/Latch <iniValue_delay2_0> (without init value) has a constant value of 0 in block <Reciprocal_Pipelined_NR>. This FF/Latch will be trimmed during the optimization process.
WARNING:Xst:1895 - Due to other FF/Latch trimming, FF/Latch <iniValue_delay3_14> (without init value) has a constant value of 0 in block <Reciprocal_Pipelined_NR>. This FF/Latch will be trimmed during the optimization process.
WARNING:Xst:1895 - Due to other FF/Latch trimming, FF/Latch <iniValue_delay3_13> (without init value) has a constant value of 0 in block <Reciprocal_Pipelined_NR>. This FF/Latch will be trimmed during the optimization process.
WARNING:Xst:1895 - Due to other FF/Latch trimming, FF/Latch <iniValue_delay3_12> (without init value) has a constant value of 0 in block <Reciprocal_Pipelined_NR>. This FF/Latch will be trimmed during the optimization process.
WARNING:Xst:1895 - Due to other FF/Latch trimming, FF/Latch <iniValue_delay3_11> (without init value) has a constant value of 0 in block <Reciprocal_Pipelined_NR>. This FF/Latch will be trimmed during the optimization process.
WARNING:Xst:1895 - Due to other FF/Latch trimming, FF/Latch <iniValue_delay3_10> (without init value) has a constant value of 0 in block <Reciprocal_Pipelined_NR>. This FF/Latch will be trimmed during the optimization process.
WARNING:Xst:1895 - Due to other FF/Latch trimming, FF/Latch <iniValue_delay3_9> (without init value) has a constant value of 0 in block <Reciprocal_Pipelined_NR>. This FF/Latch will be trimmed during the optimization process.
WARNING:Xst:1895 - Due to other FF/Latch trimming, FF/Latch <iniValue_delay3_8> (without init value) has a constant value of 0 in block <Reciprocal_Pipelined_NR>. This FF/Latch will be trimmed during the optimization process.
WARNING:Xst:1895 - Due to other FF/Latch trimming, FF/Latch <iniValue_delay3_7> (without init value) has a constant value of 0 in block <Reciprocal_Pipelined_NR>. This FF/Latch will be trimmed during the optimization process.
WARNING:Xst:1895 - Due to other FF/Latch trimming, FF/Latch <iniValue_delay3_6> (without init value) has a constant value of 0 in block <Reciprocal_Pipelined_NR>. This FF/Latch will be trimmed during the optimization process.
WARNING:Xst:1895 - Due to other FF/Latch trimming, FF/Latch <iniValue_delay3_5> (without init value) has a constant value of 0 in block <Reciprocal_Pipelined_NR>. This FF/Latch will be trimmed during the optimization process.
WARNING:Xst:1895 - Due to other FF/Latch trimming, FF/Latch <iniValue_delay3_4> (without init value) has a constant value of 0 in block <Reciprocal_Pipelined_NR>. This FF/Latch will be trimmed during the optimization process.
WARNING:Xst:1895 - Due to other FF/Latch trimming, FF/Latch <iniValue_delay3_3> (without init value) has a constant value of 0 in block <Reciprocal_Pipelined_NR>. This FF/Latch will be trimmed during the optimization process.
WARNING:Xst:1895 - Due to other FF/Latch trimming, FF/Latch <iniValue_delay3_2> (without init value) has a constant value of 0 in block <Reciprocal_Pipelined_NR>. This FF/Latch will be trimmed during the optimization process.
WARNING:Xst:1895 - Due to other FF/Latch trimming, FF/Latch <iniValue_delay3_1> (without init value) has a constant value of 0 in block <Reciprocal_Pipelined_NR>. This FF/Latch will be trimmed during the optimization process.
WARNING:Xst:1895 - Due to other FF/Latch trimming, FF/Latch <iniValue_delay3_0> (without init value) has a constant value of 0 in block <Reciprocal_Pipelined_NR>. This FF/Latch will be trimmed during the optimization process.
WARNING:Xst:1895 - Due to other FF/Latch trimming, FF/Latch <multiplier_2/Mmult_in1[25]_in2[14]_MuLt_1_OUT_submult_1_2> (without init value) has a constant value of 0 in block <Reciprocal_Pipelined_NR>. This FF/Latch will be trimmed during the optimization process.
WARNING:Xst:1895 - Due to other FF/Latch trimming, FF/Latch <multiplier_2/Mmult_in1[25]_in2[14]_MuLt_1_OUT_submult_1_3> (without init value) has a constant value of 0 in block <Reciprocal_Pipelined_NR>. This FF/Latch will be trimmed during the optimization process.
WARNING:Xst:1895 - Due to other FF/Latch trimming, FF/Latch <multiplier_2/Mmult_in1[25]_in2[14]_MuLt_1_OUT_submult_1_4> (without init value) has a constant value of 0 in block <Reciprocal_Pipelined_NR>. This FF/Latch will be trimmed during the optimization process.
WARNING:Xst:1895 - Due to other FF/Latch trimming, FF/Latch <multiplier_2/Mmult_in1[25]_in2[14]_MuLt_1_OUT_submult_1_5> (without init value) has a constant value of 0 in block <Reciprocal_Pipelined_NR>. This FF/Latch will be trimmed during the optimization process.
WARNING:Xst:1895 - Due to other FF/Latch trimming, FF/Latch <multiplier_2/Mmult_in1[25]_in2[14]_MuLt_1_OUT_submult_1_6> (without init value) has a constant value of 0 in block <Reciprocal_Pipelined_NR>. This FF/Latch will be trimmed during the optimization process.
WARNING:Xst:1895 - Due to other FF/Latch trimming, FF/Latch <multiplier_2/Mmult_in1[25]_in2[14]_MuLt_1_OUT_submult_1_7> (without init value) has a constant value of 0 in block <Reciprocal_Pipelined_NR>. This FF/Latch will be trimmed during the optimization process.
WARNING:Xst:1895 - Due to other FF/Latch trimming, FF/Latch <multiplier_2/Mmult_in1[25]_in2[14]_MuLt_1_OUT_submult_1_8> (without init value) has a constant value of 0 in block <Reciprocal_Pipelined_NR>. This FF/Latch will be trimmed during the optimization process.
WARNING:Xst:1895 - Due to other FF/Latch trimming, FF/Latch <multiplier_2/Mmult_in1[25]_in2[14]_MuLt_1_OUT_submult_1_9> (without init value) has a constant value of 0 in block <Reciprocal_Pipelined_NR>. This FF/Latch will be trimmed during the optimization process.
WARNING:Xst:1895 - Due to other FF/Latch trimming, FF/Latch <multiplier_2/Mmult_in1[25]_in2[14]_MuLt_1_OUT_submult_1_10> (without init value) has a constant value of 0 in block <Reciprocal_Pipelined_NR>. This FF/Latch will be trimmed during the optimization process.
WARNING:Xst:1895 - Due to other FF/Latch trimming, FF/Latch <multiplier_2/Mmult_in1[25]_in2[14]_MuLt_1_OUT_submult_1_11> (without init value) has a constant value of 0 in block <Reciprocal_Pipelined_NR>. This FF/Latch will be trimmed during the optimization process.
WARNING:Xst:1895 - Due to other FF/Latch trimming, FF/Latch <multiplier_2/Mmult_in1[25]_in2[14]_MuLt_1_OUT_submult_1_12> (without init value) has a constant value of 0 in block <Reciprocal_Pipelined_NR>. This FF/Latch will be trimmed during the optimization process.
WARNING:Xst:1895 - Due to other FF/Latch trimming, FF/Latch <multiplier_2/Mmult_in1[25]_in2[14]_MuLt_1_OUT_submult_1_13> (without init value) has a constant value of 0 in block <Reciprocal_Pipelined_NR>. This FF/Latch will be trimmed during the optimization process.
WARNING:Xst:1895 - Due to other FF/Latch trimming, FF/Latch <multiplier_2/Mmult_in1[25]_in2[14]_MuLt_1_OUT_submult_1_14> (without init value) has a constant value of 0 in block <Reciprocal_Pipelined_NR>. This FF/Latch will be trimmed during the optimization process.
WARNING:Xst:1895 - Due to other FF/Latch trimming, FF/Latch <multiplier_2/Mmult_in1[25]_in2[14]_MuLt_1_OUT_submult_1_15> (without init value) has a constant value of 0 in block <Reciprocal_Pipelined_NR>. This FF/Latch will be trimmed during the optimization process.
WARNING:Xst:1895 - Due to other FF/Latch trimming, FF/Latch <multiplier_2/Mmult_in1[25]_in2[14]_MuLt_1_OUT_submult_1_16> (without init value) has a constant value of 0 in block <Reciprocal_Pipelined_NR>. This FF/Latch will be trimmed during the optimization process.
WARNING:Xst:2677 - Node <multiplier_2/Mmult_in1[25]_in2[14]_MuLt_1_OUT_submult_1_1> of sequential type is unconnected in block <Reciprocal_Pipelined_NR>.
WARNING:Xst:2677 - Node <multiplier_2/Mmult_in1[25]_in2[14]_MuLt_1_OUT_submult_1_0> of sequential type is unconnected in block <Reciprocal_Pipelined_NR>.
WARNING:Xst:1898 - Due to constant pushing, FF/Latch <mul_1_r_25> is unconnected in block <Reciprocal_Pipelined_NR>.
WARNING:Xst:1898 - Due to constant pushing, FF/Latch <mul_1_r_24> is unconnected in block <Reciprocal_Pipelined_NR>.

Optimizing unit <Reciprocal_Pipelined_NR> ...

Optimizing unit <ux_round2nearest> ...
WARNING:Xst:1710 - FF/Latch <multiplier_2/Mmult_in1[25]_in2[14]_MuLt_1_OUT_0> (without init value) has a constant value of 0 in block <Reciprocal_Pipelined_NR>. This FF/Latch will be trimmed during the optimization process.

Mapping all equations...
Building and optimizing final netlist ...
Found area constraint ratio of 100 (+ 5) on block Reciprocal_Pipelined_NR, actual ratio is 0.

Final Macro Processing ...

=========================================================================
Final Register Report

Macro Statistics
# Registers                                            : 39
 Flip-Flops                                            : 39

=========================================================================

=========================================================================
*                           Partition Report                            *
=========================================================================

Partition Implementation Status
-------------------------------

  No Partitions were found in this design.

-------------------------------

=========================================================================
*                            Design Summary                             *
=========================================================================

Top Level Output File Name         : Reciprocal_Pipelined_NR.ngc

Primitive and Black Box Usage:
------------------------------
# BELS                             : 167
#      GND                         : 1
#      INV                         : 26
#      LUT1                        : 36
#      LUT3                        : 1
#      LUT4                        : 23
#      LUT5                        : 1
#      LUT6                        : 2
#      MUXCY                       : 37
#      VCC                         : 1
#      XORCY                       : 39
# FlipFlops/Latches                : 63
#      FD                          : 39
#      LDC                         : 24
# Clock Buffers                    : 2
#      BUFG                        : 1
#      BUFGP                       : 1
# IO Buffers                       : 50
#      IBUF                        : 26
#      OBUF                        : 24
# DSPs                             : 2
#      DSP48E1                     : 2

Device utilization summary:
---------------------------

Selected Device : 7v2000tflg1925-2 


Slice Logic Utilization: 
 Number of Slice Registers:              39  out of  2443200     0%  
 Number of Slice LUTs:                   89  out of  1221600     0%  
    Number used as Logic:                89  out of  1221600     0%  

Slice Logic Distribution: 
 Number of LUT Flip Flop pairs used:    110
   Number with an unused Flip Flop:      71  out of    110    64%  
   Number with an unused LUT:            21  out of    110    19%  
   Number of fully used LUT-FF pairs:    18  out of    110    16%  
   Number of unique control sets:         2

IO Utilization: 
 Number of IOs:                          51
 Number of bonded IOBs:                  51  out of   1200     4%  
    IOB Flip Flops/Latches:              24

Specific Feature Utilization:
 Number of BUFG/BUFGCTRLs:                2  out of    128     1%  
 Number of DSP48E1s:                      2  out of   2160     0%  

---------------------------
Partition Resource Summary:
---------------------------

  No Partitions were found in this design.

---------------------------


=========================================================================
Timing Report

NOTE: THESE TIMING NUMBERS ARE ONLY A SYNTHESIS ESTIMATE.
      FOR ACCURATE TIMING INFORMATION PLEASE REFER TO THE TRACE REPORT
      GENERATED AFTER PLACE-and-ROUTE.

Clock Information:
------------------
-----------------------------------+------------------------+-------+
Clock Signal                       | Clock buffer(FF name)  | Load  |
-----------------------------------+------------------------+-------+
CLK                                | BUFGP                  | 41    |
CE                                 | IBUF+BUFG              | 24    |
-----------------------------------+------------------------+-------+

Asynchronous Control Signals Information:
----------------------------------------
No asynchronous control signals found in this design

Timing Summary:
---------------
Speed Grade: -2

   Minimum period: 1.417ns (Maximum Frequency: 705.891MHz)
   Minimum input arrival time before clock: 1.249ns
   Maximum output required time after clock: 0.669ns
   Maximum combinational path delay: No path found

Timing Details:
---------------
All values displayed in nanoseconds (ns)

=========================================================================
Timing constraint: Default period analysis for Clock 'CLK'
  Clock period: 1.417ns (frequency: 705.891MHz)
  Total number of paths / destination ports: 273 / 63
-------------------------------------------------------------------------
Delay:               1.417ns (Levels of Logic = 16)
  Source:            multiplier_2/Mmult_in1[25]_in2[14]_MuLt_1_OUT_submult_0 (DSP)
  Destination:       multiplier_2/Mmult_in1[25]_in2[14]_MuLt_1_OUT_1 (FF)
  Source Clock:      CLK rising
  Destination Clock: CLK rising

  Data Path: multiplier_2/Mmult_in1[25]_in2[14]_MuLt_1_OUT_submult_0 to multiplier_2/Mmult_in1[25]_in2[14]_MuLt_1_OUT_1
                                Gate     Net
    Cell:in->out      fanout   Delay   Delay  Logical Name (Net Name)
    ----------------------------------------  ------------
     DSP48E1:CLK->P24      1   0.348   0.350  multiplier_2/Mmult_in1[25]_in2[14]_MuLt_1_OUT_submult_0 (multiplier_2/Mmult_in1[25]_in2[14]_MuLt_1_OUT_Madd_lut<24>)
     LUT1:I0->O            1   0.043   0.000  multiplier_2/Mmult_in1[25]_in2[14]_MuLt_1_OUT_Madd_cy<24>_rt (multiplier_2/Mmult_in1[25]_in2[14]_MuLt_1_OUT_Madd_cy<24>_rt)
     MUXCY:S->O            1   0.238   0.000  multiplier_2/Mmult_in1[25]_in2[14]_MuLt_1_OUT_Madd_cy<24> (multiplier_2/Mmult_in1[25]_in2[14]_MuLt_1_OUT_Madd_cy<24>)
     MUXCY:CI->O           1   0.014   0.000  multiplier_2/Mmult_in1[25]_in2[14]_MuLt_1_OUT_Madd_cy<25> (multiplier_2/Mmult_in1[25]_in2[14]_MuLt_1_OUT_Madd_cy<25>)
     MUXCY:CI->O           1   0.014   0.000  multiplier_2/Mmult_in1[25]_in2[14]_MuLt_1_OUT_Madd_cy<26> (multiplier_2/Mmult_in1[25]_in2[14]_MuLt_1_OUT_Madd_cy<26>)
     MUXCY:CI->O           1   0.014   0.000  multiplier_2/Mmult_in1[25]_in2[14]_MuLt_1_OUT_Madd_cy<27> (multiplier_2/Mmult_in1[25]_in2[14]_MuLt_1_OUT_Madd_cy<27>)
     MUXCY:CI->O           1   0.014   0.000  multiplier_2/Mmult_in1[25]_in2[14]_MuLt_1_OUT_Madd_cy<28> (multiplier_2/Mmult_in1[25]_in2[14]_MuLt_1_OUT_Madd_cy<28>)
     MUXCY:CI->O           1   0.014   0.000  multiplier_2/Mmult_in1[25]_in2[14]_MuLt_1_OUT_Madd_cy<29> (multiplier_2/Mmult_in1[25]_in2[14]_MuLt_1_OUT_Madd_cy<29>)
     MUXCY:CI->O           1   0.014   0.000  multiplier_2/Mmult_in1[25]_in2[14]_MuLt_1_OUT_Madd_cy<30> (multiplier_2/Mmult_in1[25]_in2[14]_MuLt_1_OUT_Madd_cy<30>)
     MUXCY:CI->O           1   0.014   0.000  multiplier_2/Mmult_in1[25]_in2[14]_MuLt_1_OUT_Madd_cy<31> (multiplier_2/Mmult_in1[25]_in2[14]_MuLt_1_OUT_Madd_cy<31>)
     MUXCY:CI->O           1   0.014   0.000  multiplier_2/Mmult_in1[25]_in2[14]_MuLt_1_OUT_Madd_cy<32> (multiplier_2/Mmult_in1[25]_in2[14]_MuLt_1_OUT_Madd_cy<32>)
     MUXCY:CI->O           1   0.014   0.000  multiplier_2/Mmult_in1[25]_in2[14]_MuLt_1_OUT_Madd_cy<33> (multiplier_2/Mmult_in1[25]_in2[14]_MuLt_1_OUT_Madd_cy<33>)
     MUXCY:CI->O           1   0.014   0.000  multiplier_2/Mmult_in1[25]_in2[14]_MuLt_1_OUT_Madd_cy<34> (multiplier_2/Mmult_in1[25]_in2[14]_MuLt_1_OUT_Madd_cy<34>)
     MUXCY:CI->O           1   0.014   0.000  multiplier_2/Mmult_in1[25]_in2[14]_MuLt_1_OUT_Madd_cy<35> (multiplier_2/Mmult_in1[25]_in2[14]_MuLt_1_OUT_Madd_cy<35>)
     MUXCY:CI->O           1   0.014   0.000  multiplier_2/Mmult_in1[25]_in2[14]_MuLt_1_OUT_Madd_cy<36> (multiplier_2/Mmult_in1[25]_in2[14]_MuLt_1_OUT_Madd_cy<36>)
     MUXCY:CI->O           0   0.014   0.000  multiplier_2/Mmult_in1[25]_in2[14]_MuLt_1_OUT_Madd_cy<37> (multiplier_2/Mmult_in1[25]_in2[14]_MuLt_1_OUT_Madd_cy<37>)
     XORCY:CI->O           1   0.262   0.000  multiplier_2/Mmult_in1[25]_in2[14]_MuLt_1_OUT_Madd_xor<38> (multiplier_2/Mmult_in1[25]_in2[14]_MuLt_1_OUT_Madd_38)
     FD:D                     -0.000          multiplier_2/Mmult_in1[25]_in2[14]_MuLt_1_OUT_1
    ----------------------------------------
    Total                      1.417ns (1.066ns logic, 0.350ns route)
                                       (75.3% logic, 24.7% route)

=========================================================================
Timing constraint: Default OFFSET IN BEFORE for Clock 'CLK'
  Total number of paths / destination ports: 31 / 31
-------------------------------------------------------------------------
Offset:              1.249ns (Levels of Logic = 2)
  Source:            nRST (PAD)
  Destination:       multiplier_2/Mmult_in1[25]_in2[14]_MuLt_1_OUT_submult_0 (DSP)
  Destination Clock: CLK rising

  Data Path: nRST to multiplier_2/Mmult_in1[25]_in2[14]_MuLt_1_OUT_submult_0
                                Gate     Net
    Cell:in->out      fanout   Delay   Delay  Logical Name (Net Name)
    ----------------------------------------  ------------
     IBUF:I->O             1   0.000   0.339  nRST_IBUF (nRST_IBUF)
     INV:I->O             27   0.054   0.468  nRST_inv1_INV_0 (nRST_inv)
     DSP48E1:RSTB              0.388          multiplier_2/Mmult_in1[25]_in2[14]_MuLt_1_OUT_submult_0
    ----------------------------------------
    Total                      1.249ns (0.442ns logic, 0.807ns route)
                                       (35.4% logic, 64.6% route)

=========================================================================
Timing constraint: Default OFFSET IN BEFORE for Clock 'CE'
  Total number of paths / destination ports: 24 / 24
-------------------------------------------------------------------------
Offset:              1.125ns (Levels of Logic = 2)
  Source:            nRST (PAD)
  Destination:       round_0/y_40 (LATCH)
  Destination Clock: CE falling

  Data Path: nRST to round_0/y_40
                                Gate     Net
    Cell:in->out      fanout   Delay   Delay  Logical Name (Net Name)
    ----------------------------------------  ------------
     IBUF:I->O             1   0.000   0.339  nRST_IBUF (nRST_IBUF)
     INV:I->O             27   0.054   0.468  nRST_inv1_INV_0 (nRST_inv)
     LDC:CLR                   0.264          round_0/y_39
    ----------------------------------------
    Total                      1.125ns (0.318ns logic, 0.807ns route)
                                       (28.3% logic, 71.7% route)

=========================================================================
Timing constraint: Default OFFSET OUT AFTER for Clock 'CE'
  Total number of paths / destination ports: 24 / 24
-------------------------------------------------------------------------
Offset:              0.669ns (Levels of Logic = 1)
  Source:            round_0/y_40 (LATCH)
  Destination:       dout<23> (PAD)
  Source Clock:      CE falling

  Data Path: round_0/y_40 to dout<23>
                                Gate     Net
    Cell:in->out      fanout   Delay   Delay  Logical Name (Net Name)
    ----------------------------------------  ------------
     LDC:G->Q              1   0.330   0.339  round_0/y_40 (round_0/y_40)
     OBUF:I->O                 0.000          dout_23_OBUF (dout<23>)
    ----------------------------------------
    Total                      0.669ns (0.330ns logic, 0.339ns route)
                                       (49.3% logic, 50.7% route)

=========================================================================

Cross Clock Domains Report:
--------------------------

Clock to Setup on destination clock CE
---------------+---------+---------+---------+---------+
               | Src:Rise| Src:Fall| Src:Rise| Src:Fall|
Source Clock   |Dest:Rise|Dest:Rise|Dest:Fall|Dest:Fall|
---------------+---------+---------+---------+---------+
CLK            |         |         |    2.451|         |
---------------+---------+---------+---------+---------+

Clock to Setup on destination clock CLK
---------------+---------+---------+---------+---------+
               | Src:Rise| Src:Fall| Src:Rise| Src:Fall|
Source Clock   |Dest:Rise|Dest:Rise|Dest:Fall|Dest:Fall|
---------------+---------+---------+---------+---------+
CLK            |    1.417|         |         |         |
---------------+---------+---------+---------+---------+

=========================================================================


Total REAL time to Xst completion: 18.00 secs
Total CPU time to Xst completion: 18.04 secs
 
--> 

Total memory usage is 410768 kilobytes

Number of errors   :    0 (   0 filtered)
Number of warnings :  125 (   0 filtered)
Number of infos    :    2 (   0 filtered)

